{
  "generated_at": "2026-07-11T18:30:00Z",
  "plugins_used": [
    {
      "name": "AWSKeyDetector"
    },
    {
      "name": "Base64HighEntropyString"
    },
    {
      "name": "HexHighEntropyString"
    },
    {
      "name": "KeywordDetector"
    },
    {
      "name": "MailgunDetector"
    },
    {
      "name": "PrivateKeyDetector"
    },
    {
      "name": "SlackDetector"
    },
    {
      "name": "StripeDetector"
    }
  ],
  "results": {},
  "version": "1.5.0"
}